// Jest Snapshot v1, https://goo.gl/fbAQLP

exports[`navSection navSection snapshot 1`] = `
Object {
  "asFragment": [Function],
  "baseElement": <body>
    <div>
      <div
        class="AppWrapper"
      >
        <div
          class="weatherInfo"
        >
          <div
            class="icon"
          >
            <img
              alt="img"
              src="http://openweathermap.org/img/wn/test@2x.png"
            />
            <span>
              1°C
            </span>
          </div>
          <div
            class="desc"
          >
            <h4>
              test
            </h4>
            <span>
              test
            </span>
          </div>
        </div>
        <div
          class="foreCast"
        >
          <div
            class="day"
          >
            <span>
              Oct
            </span>
            <img
              alt=""
              src="http://openweathermap.org/img/wn/test.png"
            />
            <span>
              20
            </span>
          </div>
        </div>
        <div
          class="sunset"
        >
          <span>
            sunrise
            <br />
            13: 3
          </span>
          <span>
            sunset
            <br />
            13: 3
          </span>
        </div>
        <div
          class="group"
        >
          <div
            class="something"
          >
            <h3>
              1%
            </h3>
            <span>
              clouds
            </span>
          </div>
          <div
            class="wind"
          >
            <h3>
              1 m/s
            </h3>
            <span>
              wind speed
            </span>
          </div>
        </div>
      </div>
    </div>
  </body>,
  "container": <div>
    <div
      class="AppWrapper"
    >
      <div
        class="weatherInfo"
      >
        <div
          class="icon"
        >
          <img
            alt="img"
            src="http://openweathermap.org/img/wn/test@2x.png"
          />
          <span>
            1°C
          </span>
        </div>
        <div
          class="desc"
        >
          <h4>
            test
          </h4>
          <span>
            test
          </span>
        </div>
      </div>
      <div
        class="foreCast"
      >
        <div
          class="day"
        >
          <span>
            Oct
          </span>
          <img
            alt=""
            src="http://openweathermap.org/img/wn/test.png"
          />
          <span>
            20
          </span>
        </div>
      </div>
      <div
        class="sunset"
      >
        <span>
          sunrise
          <br />
          13: 3
        </span>
        <span>
          sunset
          <br />
          13: 3
        </span>
      </div>
      <div
        class="group"
      >
        <div
          class="something"
        >
          <h3>
            1%
          </h3>
          <span>
            clouds
          </span>
        </div>
        <div
          class="wind"
        >
          <h3>
            1 m/s
          </h3>
          <span>
            wind speed
          </span>
        </div>
      </div>
    </div>
  </div>,
  "debug": [Function],
  "findAllByAltText": [Function],
  "findAllByDisplayValue": [Function],
  "findAllByLabelText": [Function],
  "findAllByPlaceholderText": [Function],
  "findAllByRole": [Function],
  "findAllByTestId": [Function],
  "findAllByText": [Function],
  "findAllByTitle": [Function],
  "findByAltText": [Function],
  "findByDisplayValue": [Function],
  "findByLabelText": [Function],
  "findByPlaceholderText": [Function],
  "findByRole": [Function],
  "findByTestId": [Function],
  "findByText": [Function],
  "findByTitle": [Function],
  "getAllByAltText": [Function],
  "getAllByDisplayValue": [Function],
  "getAllByLabelText": [Function],
  "getAllByPlaceholderText": [Function],
  "getAllByRole": [Function],
  "getAllByTestId": [Function],
  "getAllByText": [Function],
  "getAllByTitle": [Function],
  "getByAltText": [Function],
  "getByDisplayValue": [Function],
  "getByLabelText": [Function],
  "getByPlaceholderText": [Function],
  "getByRole": [Function],
  "getByTestId": [Function],
  "getByText": [Function],
  "getByTitle": [Function],
  "queryAllByAltText": [Function],
  "queryAllByDisplayValue": [Function],
  "queryAllByLabelText": [Function],
  "queryAllByPlaceholderText": [Function],
  "queryAllByRole": [Function],
  "queryAllByTestId": [Function],
  "queryAllByText": [Function],
  "queryAllByTitle": [Function],
  "queryByAltText": [Function],
  "queryByDisplayValue": [Function],
  "queryByLabelText": [Function],
  "queryByPlaceholderText": [Function],
  "queryByRole": [Function],
  "queryByTestId": [Function],
  "queryByText": [Function],
  "queryByTitle": [Function],
  "rerender": [Function],
  "unmount": [Function],
}
`;
